
netcensus: 67515 test(s) to run  ·  12 worker(s)
• wpt     D:\Radboud\WeSPO\Projects\LocalMessV2\wpt
• chrome  D:\Radboud\WeSPO\Projects\LocalMessV2\browsers\chrome-win64\chrome.exe
• starting wpt serve --verbose  (access log: C:\Users\najeh\AppData\Local\Temp\netcensus_wptserve_access.log)
[    1/67515] ▶ testing  /FileAPI/blob/Blob-array-buffer.any.html
    ✔ network emits  1 request(s)  GET :8000/FileAPI/support/Blob.js
[    2/67515] ▶ testing  /FileAPI/blob/Blob-bytes.any.html
    ✔ network emits  1 request(s)  GET :8000/FileAPI/support/Blob.js
[    3/67515] ▶ testing  /FileAPI/blob/Blob-constructor-detached-buffer.any.html
    ✔ network emits  1 request(s)  GET :8000/FileAPI/support/Blob.js
[    4/67515] ▶ testing  /FileAPI/FileReaderSync.worker.html
    · no network
[    5/67515] ▶ testing  /FileAPI/Blob-methods-from-detached-frame.html
    ✔ network emits  1 request(s)  GET :8000/support/empty-document.html
[    6/67515] ▶ testing  /FileAPI/FileReader/progress_event_bubbles_cancelable.html
    · no network
[    7/67515] ▶ testing  /FileAPI/BlobURL/opaque-origin.html
    · no network
[    8/67515] ▶ testing  /FileAPI/FileReader/workers.html
    · no network
[    9/67515] ▶ testing  /FileAPI/blob/Blob-constructor-dom.window.html
    ✔ network emits  1 request(s)  GET :8000/FileAPI/support/Blob.js
[   10/67515] ▶ testing  /FileAPI/blob/Blob-array-buffer.any.worker.html
    ✔ network emits  1 request(s)  GET :8000/FileAPI/support/Blob.js
[   11/67515] ▶ testing  /FileAPI/blob/Blob-constructor-detached-buffer.any.worker.html
    ✔ network emits  1 request(s)  GET :8000/FileAPI/support/Blob.js
[   12/67515] ▶ testing  /FileAPI/blob/Blob-bytes.any.worker.html
    ✔ network emits  1 request(s)  GET :8000/FileAPI/support/Blob.js
[   13/67515] ▶ testing  /FileAPI/blob/Blob-constructor-endings.any.html
    · no network
[   14/67515] ▶ testing  /FileAPI/blob/Blob-constructor-endings.html
    · no network
[   15/67515] ▶ testing  /FileAPI/blob/Blob-constructor.any.html
    ✔ network emits  1 request(s)  GET :8000/FileAPI/support/Blob.js
[   16/67515] ▶ testing  /FileAPI/blob/Blob-in-worker.worker.html
    · no network
[   17/67515] ▶ testing  /FileAPI/blob/Blob-newobject.any.html
    · no network
[   18/67515] ▶ testing  /FileAPI/blob/Blob-slice-overflow.any.html
    · no network
[   19/67515] ▶ testing  /FileAPI/blob/Blob-slice.any.html
    ✔ network emits  1 request(s)  GET :8000/FileAPI/support/Blob.js
[   20/67515] ▶ testing  /FileAPI/blob/Blob-stream.any.html
    ✔ network emits  2 request(s)  GET :8000/FileAPI/support/Blob.js  GET :8000/common/gc.js
[   21/67515] ▶ testing  /FileAPI/blob/Blob-constructor-endings.any.worker.html
    · no network
[   22/67515] ▶ testing  /FileAPI/blob/Blob-text.any.html
    ✔ network emits  1 request(s)  GET :8000/FileAPI/support/Blob.js
[   23/67515] ▶ testing  /FileAPI/blob/Blob-constructor.any.worker.html
    ✔ network emits  1 request(s)  GET :8000/FileAPI/support/Blob.js
[   24/67515] ▶ testing  /FileAPI/blob/Blob-textStream.any.html
    ✔ network emits  1 request(s)  GET :8000/FileAPI/support/Blob.js
[   25/67515] ▶ testing  /FileAPI/blob/Blob-newobject.any.serviceworker.html
    · no network
[   26/67515] ▶ testing  /FileAPI/blob/Blob-slice-overflow.any.worker.html
    · no network
[   27/67515] ▶ testing  /FileAPI/blob/Blob-stream.any.worker.html
    ✔ network emits  2 request(s)  GET :8000/FileAPI/support/Blob.js  GET :8000/common/gc.js
[   28/67515] ▶ testing  /FileAPI/blob/Blob-slice.any.worker.html
    ✔ network emits  1 request(s)  GET :8000/FileAPI/support/Blob.js
[   29/67515] ▶ testing  /FileAPI/file/File-constructor-endings.any.html
    · no network
[   30/67515] ▶ testing  /FileAPI/blob/Blob-text.any.worker.html
    ✔ network emits  1 request(s)  GET :8000/FileAPI/support/Blob.js
[   31/67515] ▶ testing  /FileAPI/file/File-constructor-endings.html
    · no network
[   32/67515] ▶ testing  /FileAPI/file/File-constructor.any.html
    · no network
[   33/67515] ▶ testing  /FileAPI/blob/Blob-textStream.any.serviceworker.html
    ✔ network emits  1 request(s)  GET :8443/FileAPI/support/Blob.js
[   34/67515] ▶ testing  /FileAPI/blob/Blob-newobject.any.sharedworker.html
    · no network
[   35/67515] ▶ testing  /FileAPI/file/Worker-read-file-constructor.worker.html
    · no network
[   36/67515] ▶ testing  /FileAPI/file/send-file-form-controls.html
    ✔ network emits  2 request(s)  GET :8000/FileAPI/support/send-file-form-helper.js  POST :8000/FileAPI/file/resources/echo-content-escaped.py
[   37/67515] ▶ testing  /FileAPI/file/File-constructor-endings.any.worker.html
    · no network
[   38/67515] ▶ testing  /FileAPI/file/send-file-form-iso-2022-jp.html
    ✔ network emits  2 request(s)  GET :8000/FileAPI/support/send-file-form-helper.js  POST :8000/FileAPI/file/resources/echo-content-escaped.py
[   39/67515] ▶ testing  /FileAPI/file/send-file-form-punctuation.html
    ✔ network emits  2 request(s)  GET :8000/FileAPI/support/send-file-form-helper.js  POST :8000/FileAPI/file/resources/echo-content-escaped.py
[   40/67515] ▶ testing  /FileAPI/blob/Blob-textStream.any.sharedworker.html
    ✔ network emits  1 request(s)  GET :8000/FileAPI/support/Blob.js
[   41/67515] ▶ testing  /FileAPI/file/File-constructor.any.worker.html
    · no network
[   42/67515] ▶ testing  /FileAPI/blob/Blob-newobject.any.worker.html
    · no network
[   43/67515] ▶ testing  /FileAPI/file/send-file-form-windows-1252.html
    ✔ network emits  2 request(s)  GET :8000/FileAPI/support/send-file-form-helper.js  POST :8000/FileAPI/file/resources/echo-content-escaped.py
[   44/67515] ▶ testing  /FileAPI/file/send-file-form-utf-8.html
    ✔ network emits  2 request(s)  GET :8000/FileAPI/support/send-file-form-helper.js  POST :8000/FileAPI/file/resources/echo-content-escaped.py
[   45/67515] ▶ testing  /FileAPI/file/send-file-form-x-user-defined.html
    ✔ network emits  2 request(s)  GET :8000/FileAPI/support/send-file-form-helper.js  POST :8000/FileAPI/file/resources/echo-content-escaped.py
[   46/67515] ▶ testing  /FileAPI/file/send-file-form.html
    ✔ network emits  2 request(s)  GET :8000/FileAPI/support/send-file-form-helper.js  POST :8000/FileAPI/file/resources/echo-content-escaped.py
[   47/67515] ▶ testing  /FileAPI/file/send-file-formdata-controls.any.html
    ✔ network emits  2 request(s)  GET :8000/FileAPI/support/send-file-formdata-helper.js  POST :8000/fetch/api/resources/echo-content.py
[   48/67515] ▶ testing  /FileAPI/file/send-file-formdata-punctuation.any.html
    ✔ network emits  2 request(s)  GET :8000/FileAPI/support/send-file-formdata-helper.js  POST :8000/fetch/api/resources/echo-content.py
[   49/67515] ▶ testing  /FileAPI/blob/Blob-textStream.any.worker.html
    ✔ network emits  1 request(s)  GET :8000/FileAPI/support/Blob.js
[   50/67515] ▶ testing  /FileAPI/file/send-file-formdata-utf-8.any.html
    ✔ network emits  2 request(s)  GET :8000/FileAPI/support/send-file-formdata-helper.js  POST :8000/fetch/api/resources/echo-content.py
[   51/67515] ▶ testing  /FileAPI/fileReader.any.html
    · no network
[   52/67515] ▶ testing  /FileAPI/file/send-file-formdata.any.html
    ✔ network emits  2 request(s)  GET :8000/FileAPI/support/send-file-formdata-helper.js  POST :8000/fetch/api/resources/echo-content.py
[   53/67515] ▶ testing  /FileAPI/filelist-section/filelist.html
    · no network
[   54/67515] ▶ testing  /FileAPI/historical.https.html
    ✔ network emits  2 request(s)  GET :8443/FileAPI/support/historical-serviceworker.js  GET :8443/service-workers/service-worker/resources/test-helpers.sub.js
[   55/67515] ▶ testing  /FileAPI/idlharness.any.html
    ✔ network emits  4 request(s)  GET :8000/interfaces/FileAPI.idl  GET :8000/interfaces/dom.idl  GET :8000/interfaces/html.idl  (+1 more)
[   56/67515] ▶ testing  /FileAPI/file/send-file-formdata-controls.any.worker.html
    ✔ network emits  2 request(s)  GET :8000/FileAPI/support/send-file-formdata-helper.js  POST :8000/fetch/api/resources/echo-content.py
[   57/67515] ▶ testing  /FileAPI/file/send-file-formdata-punctuation.any.worker.html
    ✔ network emits  2 request(s)  GET :8000/FileAPI/support/send-file-formdata-helper.js  POST :8000/fetch/api/resources/echo-content.py
[   58/67515] ▶ testing  /FileAPI/file/send-file-formdata-utf-8.any.worker.html
    ✔ network emits  2 request(s)  GET :8000/FileAPI/support/send-file-formdata-helper.js  POST :8000/fetch/api/resources/echo-content.py
[   59/67515] ▶ testing  /FileAPI/fileReader.any.worker.html
    · no network
[   60/67515] ▶ testing  /FileAPI/idlharness.html
    ✔ network emits  4 request(s)  GET :8000/interfaces/FileAPI.idl  GET :8000/interfaces/dom.idl  GET :8000/interfaces/html.idl  (+1 more)
[   61/67515] ▶ testing  /FileAPI/file/send-file-formdata.any.worker.html
    ✔ network emits  2 request(s)  GET :8000/FileAPI/support/send-file-formdata-helper.js  POST :8000/fetch/api/resources/echo-content.py
[   62/67515] ▶ testing  /FileAPI/reading-data-section/Determining-Encoding.any.html
    · no network
[   63/67515] ▶ testing  /FileAPI/reading-data-section/FileReader-event-handler-attributes.any.html
    · no network
[   64/67515] ▶ testing  /FileAPI/reading-data-section/filereader_abort.any.html
    · no network
[   65/67515] ▶ testing  /FileAPI/reading-data-section/FileReader-multiple-reads.any.html
    · no network
[   66/67515] ▶ testing  /FileAPI/idlharness.any.worker.html
    ✔ network emits  4 request(s)  GET :8000/interfaces/FileAPI.idl  GET :8000/interfaces/dom.idl  GET :8000/interfaces/html.idl  (+1 more)
[   67/67515] ▶ testing  /FileAPI/reading-data-section/filereader_readAsArrayBuffer.any.html
    · no network
[   68/67515] ▶ testing  /FileAPI/reading-data-section/filereader_events.any.html
    · no network
[   69/67515] ▶ testing  /FileAPI/reading-data-section/filereader_error.any.html
    · no network
[   70/67515] ▶ testing  /FileAPI/reading-data-section/Determining-Encoding.any.worker.html
    · no network
[   71/67515] ▶ testing  /FileAPI/reading-data-section/FileReader-event-handler-attributes.any.worker.html
    · no network
[   72/67515] ▶ testing  /FileAPI/reading-data-section/filereader_abort.any.worker.html
    · no network
[   73/67515] ▶ testing  /FileAPI/reading-data-section/FileReader-multiple-reads.any.worker.html
    · no network
[   74/67515] ▶ testing  /FileAPI/idlharness.worker.html
    ✔ network emits  4 request(s)  GET :8000/interfaces/FileAPI.idl  GET :8000/interfaces/dom.idl  GET :8000/interfaces/html.idl  (+1 more)
[   75/67515] ▶ testing  /FileAPI/reading-data-section/filereader_readAsArrayBuffer.any.worker.html
    · no network
[   76/67515] ▶ testing  /FileAPI/reading-data-section/filereader_events.any.worker.html
    · no network
[   77/67515] ▶ testing  /FileAPI/reading-data-section/filereader_error.any.worker.html
    · no network
[   78/67515] ▶ testing  /FileAPI/reading-data-section/filereader_readAsBinaryString.any.html
    · no network
[   79/67515] ▶ testing  /FileAPI/reading-data-section/filereader_readAsDataURL.any.html
    · no network
[   80/67515] ▶ testing  /FileAPI/reading-data-section/filereader_readAsText.any.html
    · no network
[   81/67515] ▶ testing  /FileAPI/reading-data-section/filereader_readAsText_blob_type_charset.any.html
    · no network
[   82/67515] ▶ testing  /FileAPI/reading-data-section/filereader_readystate.any.html
    · no network
[   83/67515] ▶ testing  /FileAPI/unicode.any.html
    · no network
[   84/67515] ▶ testing  /FileAPI/reading-data-section/filereader_result.any.html
    · no network
[   85/67515] ▶ testing  /FileAPI/url/cross-global-revoke.sub.html
    ✔ network emits  3 request(s)  GET :8000/FileAPI/url/resources/revoke-helper.html  GET :8000/FileAPI/url/resources/revoke-helper.js  GET :8000/common/get-host-info.sub.js
[   86/67515] ▶ testing  /FileAPI/BlobURL/cross-partition-navigation.https.html
    ✔ network emits  8 request(s)  GET :8443/FileAPI/BlobURL/resources/common.js  GET :8443/common/dispatcher/dispatcher.js  GET :8443/common/dispatcher/dispatcher.py?uuid=8975981f-0854-4a12-9783-bca10020da68  (+5 more)  [harness did not report]
[   87/67515] ▶ testing  /FileAPI/BlobURL/cross-partition-worker-creation.https.html
    ✔ network emits  8 request(s)  GET :8443/FileAPI/BlobURL/resources/common.js  GET :8443/common/dispatcher/dispatcher.js  GET :8443/common/dispatcher/dispatcher.py?uuid=a8dbc7dd-0abe-40dc-9149-e471dce13a1e  (+5 more)  [harness did not report]
[   88/67515] ▶ testing  /FileAPI/BlobURL/cross-partition.https.html
    ✔ network emits  8 request(s)  GET :8443/FileAPI/BlobURL/resources/common.js  GET :8443/common/dispatcher/dispatcher.js  GET :8443/common/dispatcher/dispatcher.py?uuid=8b31d684-2df3-40b4-babd-2432244d7818  (+5 more)  [harness did not report]
[   89/67515] ▶ testing  /FileAPI/reading-data-section/filereader_readAsBinaryString.any.worker.html
    · no network
[   90/67515] ▶ testing  /FileAPI/BlobURL/cross-partition-self-fetch.https.html
    ✔ network emits  8 request(s)  GET :8443/FileAPI/BlobURL/resources/common.js  GET :8443/common/dispatcher/dispatcher.js  GET :8443/common/dispatcher/dispatcher.py?uuid=62fd7e7f-bc5d-46a3-ac66-e8983db50c84  (+5 more)  [harness did not report]
[   91/67515] ▶ testing  /FileAPI/reading-data-section/filereader_readAsDataURL.any.worker.html
    · no network
[   92/67515] ▶ testing  /FileAPI/reading-data-section/filereader_readAsText.any.worker.html
    · no network
[   93/67515] ▶ testing  /FileAPI/reading-data-section/filereader_readAsText_blob_type_charset.any.worker.html
    · no network
[   94/67515] ▶ testing  /FileAPI/reading-data-section/filereader_readystate.any.worker.html
    · no network
[   95/67515] ▶ testing  /FileAPI/unicode.any.worker.html
    · no network
[   96/67515] ▶ testing  /FileAPI/reading-data-section/filereader_result.any.worker.html
    · no network
[   97/67515] ▶ testing  /FileAPI/url/multi-global-origin-serialization.sub.html
    ⚠ attempted, never reached server  4 browser request(s)
[   98/67515] ▶ testing  /FileAPI/url/url-charset.window.html
    · no network
[   99/67515] ▶ testing  /FileAPI/url/unicode-origin.sub.html
    ⚠ attempted, never reached server  1 browser request(s)
[  100/67515] ▶ testing  /FileAPI/url/url-in-tags.window.html
    · no network
[  101/67515] ▶ testing  /FileAPI/url/url-reload.window.html
    · no network
[  102/67515] ▶ testing  /FileAPI/url/url-with-fetch.any.html
    ✔ network emits  2 request(s)  GET :8000/FileAPI/url/resources/fetch-tests.js  GET :8000/common/gc.js
[  103/67515] ▶ testing  /FileAPI/url/url-with-xhr.any.html
    ✔ network emits  1 request(s)  GET :8000/FileAPI/url/resources/fetch-tests.js
[  104/67515] ▶ testing  /FileAPI/url/url-lifetime.html
    ✔ network emits  2 request(s)  GET :8000/FileAPI/url/resources/create-helper.html  GET :8000/FileAPI/url/resources/create-helper.js
[  105/67515] ▶ testing  /IndexedDB/abort-in-initial-upgradeneeded.any.html
    ✔ network emits  1 request(s)  GET :8000/IndexedDB/resources/support.js
[  106/67515] ▶ testing  /FileAPI/url/url-format.any.html
    · no network
[  107/67515] ▶ testing  /FileAPI/url/sandboxed-iframe.html
    · no network
[  108/67515] ▶ testing  /IndexedDB/bindings-inject-keys-bypass.any.html
    ✔ network emits  1 request(s)  GET :8000/IndexedDB/resources/support-promises.js
[  109/67515] ▶ testing  /IndexedDB/bindings-inject-values-bypass.any.html
    ✔ network emits  1 request(s)  GET :8000/IndexedDB/resources/support-promises.js
[  110/67515] ▶ testing  /IndexedDB/blob-contenttype.any.html
    ✔ network emits  2 request(s)  GET :8000/IndexedDB/resources/support.js  POST :8000/xhr/resources/content.py
[  111/67515] ▶ testing  /IndexedDB/blob-composite-blob-reads.any.html
    ✔ network emits  1 request(s)  GET :8000/IndexedDB/resources/support-promises.js
[  112/67515] ▶ testing  /FileAPI/url/url-with-fetch.any.worker.html
    ✔ network emits  2 request(s)  GET :8000/FileAPI/url/resources/fetch-tests.js  GET :8000/common/gc.js
[  113/67515] ▶ testing  /FileAPI/url/url-with-xhr.any.worker.html
    ✔ network emits  1 request(s)  GET :8000/FileAPI/url/resources/fetch-tests.js
[  114/67515] ▶ testing  /IndexedDB/abort-in-initial-upgradeneeded.any.serviceworker.html
    ✔ network emits  1 request(s)  GET :8443/IndexedDB/resources/support.js
[  115/67515] ▶ testing  /IndexedDB/blob-delete-objectstore-db.any.html
    ✔ network emits  1 request(s)  GET :8000/IndexedDB/resources/support.js
[  116/67515] ▶ testing  /IndexedDB/bindings-inject-keys-bypass.any.serviceworker.html
    ✔ network emits  1 request(s)  GET :8443/IndexedDB/resources/support-promises.js
[  117/67515] ▶ testing  /FileAPI/url/url-format.any.worker.html
    · no network
[  118/67515] ▶ testing  /IndexedDB/bindings-inject-values-bypass.any.serviceworker.html
    ✔ network emits  1 request(s)  GET :8443/IndexedDB/resources/support-promises.js
[  119/67515] ▶ testing  /IndexedDB/blob-valid-after-abort.any.html
    ✔ network emits  1 request(s)  GET :8000/IndexedDB/resources/support.js
[  120/67515] ▶ testing  /IndexedDB/blob-valid-after-deletion.any.html
    ✔ network emits  1 request(s)  GET :8000/IndexedDB/resources/support.js
[  121/67515] ▶ testing  /IndexedDB/blob-contenttype.any.worker.html
    ✔ network emits  2 request(s)  GET :8000/IndexedDB/resources/support.js  POST :8000/xhr/resources/content.py
[  122/67515] ▶ testing  /IndexedDB/abort-in-initial-upgradeneeded.any.sharedworker.html
    ✔ network emits  1 request(s)  GET :8000/IndexedDB/resources/support.js
[  123/67515] ▶ testing  /IndexedDB/blob-delete-objectstore-db.any.worker.html
    ✔ network emits  1 request(s)  GET :8000/IndexedDB/resources/support.js
[  124/67515] ▶ testing  /IndexedDB/blob-composite-blob-reads.any.worker.html
    ✔ network emits  1 request(s)  GET :8000/IndexedDB/resources/support-promises.js
[  125/67515] ▶ testing  /IndexedDB/bindings-inject-keys-bypass.any.sharedworker.html
    ✔ network emits  1 request(s)  GET :8000/IndexedDB/resources/support-promises.js
[  126/67515] ▶ testing  /IndexedDB/blob-valid-before-commit.any.html
    ✔ network emits  1 request(s)  GET :8000/IndexedDB/resources/support.js
[  127/67515] ▶ testing  /IndexedDB/bindings-inject-values-bypass.any.sharedworker.html
    ✔ network emits  1 request(s)  GET :8000/IndexedDB/resources/support-promises.js
[  128/67515] ▶ testing  /IndexedDB/clone-before-keypath-eval.any.html
    ✔ network emits  1 request(s)  GET :8000/IndexedDB/resources/support.js
[  129/67515] ▶ testing  /IndexedDB/blob-valid-after-abort.any.serviceworker.html
    ✔ network emits  1 request(s)  GET :8443/IndexedDB/resources/support.js
[  130/67515] ▶ testing  /IndexedDB/close-in-upgradeneeded.any.html
    ✔ network emits  1 request(s)  GET :8000/IndexedDB/resources/support.js
[  131/67515] ▶ testing  /IndexedDB/blob-valid-after-deletion.any.worker.html
    ✔ network emits  1 request(s)  GET :8000/IndexedDB/resources/support.js
[  132/67515] ▶ testing  /IndexedDB/crashtests/create-index.any.html
    ✔ network emits  1 request(s)  GET :8000/IndexedDB/resources/support.js
[  133/67515] ▶ testing  /IndexedDB/abort-in-initial-upgradeneeded.any.worker.html
    ✔ network emits  1 request(s)  GET :8000/IndexedDB/resources/support.js
[  134/67515] ▶ testing  /IndexedDB/bindings-inject-keys-bypass.any.worker.html
    ✔ network emits  1 request(s)  GET :8000/IndexedDB/resources/support-promises.js
[  135/67515] ▶ testing  /IndexedDB/blob-valid-before-commit.any.worker.html
    ✔ network emits  1 request(s)  GET :8000/IndexedDB/resources/support.js
[  136/67515] ▶ testing  /IndexedDB/bindings-inject-values-bypass.any.worker.html
    ✔ network emits  1 request(s)  GET :8000/IndexedDB/resources/support-promises.js
[  137/67515] ▶ testing  /IndexedDB/blob-valid-after-abort.any.sharedworker.html
    ✔ network emits  1 request(s)  GET :8000/IndexedDB/resources/support.js
[  138/67515] ▶ testing  /IndexedDB/clone-before-keypath-eval.any.serviceworker.html
    ✔ network emits  1 request(s)  GET :8443/IndexedDB/resources/support.js
[  139/67515] ▶ testing  /IndexedDB/cursor-overloads.any.html
    ✔ network emits  1 request(s)  GET :8000/IndexedDB/resources/support.js
[  140/67515] ▶ testing  /IndexedDB/close-in-upgradeneeded.any.serviceworker.html
    ✔ network emits  1 request(s)  GET :8443/IndexedDB/resources/support.js
[  141/67515] ▶ testing  /IndexedDB/crashtests/create-index.any.serviceworker.html
    ✔ network emits  1 request(s)  GET :8443/IndexedDB/resources/support.js
[  142/67515] ▶ testing  /IndexedDB/delete-range.any.html
    ✔ network emits  1 request(s)  GET :8000/IndexedDB/resources/support.js
[  143/67515] ▶ testing  /IndexedDB/delete-request-queue.any.html
    ✔ network emits  1 request(s)  GET :8000/IndexedDB/resources/support.js
[  144/67515] ▶ testing  /IndexedDB/error-attributes.any.html
    ✔ network emits  1 request(s)  GET :8000/IndexedDB/resources/support.js
[  145/67515] ▶ testing  /IndexedDB/clone-before-keypath-eval.any.sharedworker.html
    ✔ network emits  1 request(s)  GET :8000/IndexedDB/resources/support.js
[  146/67515] ▶ testing  /IndexedDB/blob-valid-after-abort.any.worker.html
    ✔ network emits  1 request(s)  GET :8000/IndexedDB/resources/support.js
[  147/67515] ▶ testing  /IndexedDB/cursor-overloads.any.serviceworker.html
    ✔ network emits  1 request(s)  GET :8443/IndexedDB/resources/support.js
[  148/67515] ▶ testing  /IndexedDB/close-in-upgradeneeded.any.sharedworker.html
    ✔ network emits  1 request(s)  GET :8000/IndexedDB/resources/support.js
[  149/67515] ▶ testing  /IndexedDB/crashtests/create-index.any.sharedworker.html
    ✔ network emits  1 request(s)  GET :8000/IndexedDB/resources/support.js
[  150/67515] ▶ testing  /IndexedDB/delete-range.any.worker.html
    ✔ network emits  1 request(s)  GET :8000/IndexedDB/resources/support.js
[  151/67515] ▶ testing  /IndexedDB/delete-request-queue.any.serviceworker.html
    ✔ network emits  1 request(s)  GET :8443/IndexedDB/resources/support.js
[  152/67515] ▶ testing  /IndexedDB/error-attributes.any.serviceworker.html
    ✔ network emits  1 request(s)  GET :8443/IndexedDB/resources/support.js
[  153/67515] ▶ testing  /IndexedDB/clone-before-keypath-eval.any.worker.html
    ✔ network emits  1 request(s)  GET :8000/IndexedDB/resources/support.js
[  154/67515] ▶ testing  /IndexedDB/event-dispatch-active-flag.any.html
    ✔ network emits  1 request(s)  GET :8000/IndexedDB/resources/support.js
[  155/67515] ▶ testing  /IndexedDB/cursor-overloads.any.sharedworker.html
    ✔ network emits  1 request(s)  GET :8000/IndexedDB/resources/support.js
[  156/67515] ▶ testing  /IndexedDB/close-in-upgradeneeded.any.worker.html
    ✔ network emits  1 request(s)  GET :8000/IndexedDB/resources/support.js
[  157/67515] ▶ testing  /IndexedDB/crashtests/create-index.any.worker.html
    ✔ network emits  1 request(s)  GET :8000/IndexedDB/resources/support.js
[  158/67515] ▶ testing  /IndexedDB/delete-request-queue.any.sharedworker.html
    ✔ network emits  1 request(s)  GET :8000/IndexedDB/resources/support.js
[  159/67515] ▶ testing  /IndexedDB/error-attributes.any.sharedworker.html
    ✔ network emits  1 request(s)  GET :8000/IndexedDB/resources/support.js
[  160/67515] ▶ testing  /IndexedDB/fire-error-event-exception.any.html
    ✔ network emits  1 request(s)  GET :8000/IndexedDB/resources/support.js
[  161/67515] ▶ testing  /IndexedDB/event-dispatch-active-flag.any.serviceworker.html
    ✔ network emits  1 request(s)  GET :8443/IndexedDB/resources/support.js
[  162/67515] ▶ testing  /IndexedDB/cursor-overloads.any.worker.html
    ✔ network emits  1 request(s)  GET :8000/IndexedDB/resources/support.js
[  163/67515] ▶ testing  /IndexedDB/fire-success-event-exception.any.html
    ✔ network emits  1 request(s)  GET :8000/IndexedDB/resources/support.js
[  164/67515] ▶ testing  /IndexedDB/fire-upgradeneeded-event-exception.any.html
    ✔ network emits  1 request(s)  GET :8000/IndexedDB/resources/support.js
[  165/67515] ▶ testing  /IndexedDB/delete-request-queue.any.worker.html
    ✔ network emits  1 request(s)  GET :8000/IndexedDB/resources/support.js
[  166/67515] ▶ testing  /IndexedDB/error-attributes.any.worker.html
    ✔ network emits  1 request(s)  GET :8000/IndexedDB/resources/support.js
[  167/67515] ▶ testing  /IndexedDB/fire-error-event-exception.any.serviceworker.html
    ✔ network emits  1 request(s)  GET :8443/IndexedDB/resources/support.js
[  168/67515] ▶ testing  /IndexedDB/event-dispatch-active-flag.any.sharedworker.html
    ✔ network emits  1 request(s)  GET :8000/IndexedDB/resources/support.js
[  169/67515] ▶ testing  /IndexedDB/fire-success-event-exception.any.serviceworker.html
    ✔ network emits  1 request(s)  GET :8443/IndexedDB/resources/support.js
[  170/67515] ▶ testing  /IndexedDB/fire-upgradeneeded-event-exception.any.serviceworker.html
    ✔ network emits  1 request(s)  GET :8443/IndexedDB/resources/support.js
[  171/67515] ▶ testing  /IndexedDB/globalscope-indexedDB-SameObject.any.html
    · no network
[  172/67515] ▶ testing  /IndexedDB/historical.any.html
    · no network
[  173/67515] ▶ testing  /IndexedDB/fire-error-event-exception.any.sharedworker.html
    ✔ network emits  1 request(s)  GET :8000/IndexedDB/resources/support.js
[  174/67515] ▶ testing  /IndexedDB/event-dispatch-active-flag.any.worker.html
    ✔ network emits  1 request(s)  GET :8000/IndexedDB/resources/support.js
[  175/67515] ▶ testing  /IndexedDB/get-databases.any.html
    ✔ network emits  1 request(s)  GET :8000/IndexedDB/resources/support-promises.js
[  176/67515] ▶ testing  /IndexedDB/fire-success-event-exception.any.sharedworker.html
    ✔ network emits  1 request(s)  GET :8000/IndexedDB/resources/support.js
[  177/67515] ▶ testing  /FileAPI/url/url-in-tags-revoke.window.html
    ✔ network emits  1 request(s)  GET :8000/common/blank.html  [harness did not report]
[  178/67515] ▶ testing  /IndexedDB/fire-upgradeneeded-event-exception.any.sharedworker.html
    ✔ network emits  1 request(s)  GET :8000/IndexedDB/resources/support.js
[  179/67515] ▶ testing  /IndexedDB/globalscope-indexedDB-SameObject.any.serviceworker.html
    · no network
[  180/67515] ▶ testing  /IndexedDB/historical.any.serviceworker.html
    · no network
[  181/67515] ▶ testing  /IndexedDB/back-forward-cache-open-connection.window.html
    ✔ network emits  7 request(s)  GET :8000/IndexedDB/resources/support.js  GET :8000/common/dispatcher/dispatcher.js  GET :8000/common/dispatcher/dispatcher.py?uuid=ea83fe21-d8a4-46b3-a528-5f73e230ae90  (+4 more)  [harness did not report]
[  182/67515] ▶ testing  /IndexedDB/fire-error-event-exception.any.worker.html
    ✔ network emits  1 request(s)  GET :8000/IndexedDB/resources/support.js
[  183/67515] ▶ testing  /IndexedDB/idb-binary-key-detached.any.html
    ✔ network emits  1 request(s)  GET :8000/IndexedDB/resources/support.js
[  184/67515] ▶ testing  /IndexedDB/idb-binary-key-roundtrip.any.html
    ✔ network emits  1 request(s)  GET :8000/IndexedDB/resources/support.js
[  185/67515] ▶ testing  /IndexedDB/back-forward-cache-open-transaction.window.html
    ✔ network emits  6 request(s)  GET :8000/common/dispatcher/dispatcher.js  GET :8000/common/dispatcher/dispatcher.py?uuid=de12276a-b3e0-4fdc-bc3c-02423ca647e2  GET :8000/common/utils.js  (+3 more)  [harness did not report]
[  186/67515] ▶ testing  /IndexedDB/fire-success-event-exception.any.worker.html
    ✔ network emits  1 request(s)  GET :8000/IndexedDB/resources/support.js
[  187/67515] ▶ testing  /IndexedDB/fire-upgradeneeded-event-exception.any.worker.html
    ✔ network emits  1 request(s)  GET :8000/IndexedDB/resources/support.js
[  188/67515] ▶ testing  /IndexedDB/globalscope-indexedDB-SameObject.any.sharedworker.html
    · no network
[  189/67515] ▶ testing  /IndexedDB/historical.any.sharedworker.html
    · no network
[  190/67515] ▶ testing  /IndexedDB/idb-explicit-commit-throw.any.html
    ✔ network emits  1 request(s)  GET :8000/IndexedDB/resources/support-promises.js
[  191/67515] ▶ testing  /IndexedDB/idb-explicit-commit.any.html
    ✔ network emits  1 request(s)  GET :8000/IndexedDB/resources/support-promises.js
[  192/67515] ▶ testing  /IndexedDB/idb-binary-key-detached.any.serviceworker.html
    ✔ network emits  1 request(s)  GET :8443/IndexedDB/resources/support.js
[  193/67515] ▶ testing  /IndexedDB/file_support.sub.html
    ✔ network emits  1 request(s)  GET :8000/IndexedDB/resources/support-promises.js
[  194/67515] ▶ testing  /IndexedDB/get-databases.any.worker.html
    ✔ network emits  1 request(s)  GET :8000/IndexedDB/resources/support-promises.js
[  195/67515] ▶ testing  /IndexedDB/idb-binary-key-roundtrip.any.serviceworker.html
    ✔ network emits  1 request(s)  GET :8443/IndexedDB/resources/support.js
[  196/67515] ▶ testing  /IndexedDB/idb-partitioned-persistence.sub.html
    ⚠ attempted, never reached server  2 browser request(s)
[  197/67515] ▶ testing  /IndexedDB/globalscope-indexedDB-SameObject.any.worker.html
    · no network
[  198/67515] ▶ testing  /IndexedDB/historical.any.worker.html
    · no network
[  199/67515] ▶ testing  /IndexedDB/idb-partitioned-coverage.sub.html
    ⚠ attempted, never reached server  6 browser request(s)
[  200/67515] ▶ testing  /IndexedDB/idb-explicit-commit-throw.any.worker.html
    ✔ network emits  1 request(s)  GET :8000/IndexedDB/resources/support-promises.js
[  201/67515] ▶ testing  /IndexedDB/idb-explicit-commit.any.worker.html
    ✔ network emits  1 request(s)  GET :8000/IndexedDB/resources/support-promises.js
[  202/67515] ▶ testing  /IndexedDB/idb-binary-key-detached.any.sharedworker.html
    ✔ network emits  1 request(s)  GET :8000/IndexedDB/resources/support.js
[  203/67515] ▶ testing  /IndexedDB/idb_binary_key_conversion.any.html
    · no network
[  204/67515] ▶ testing  /IndexedDB/idb-binary-key-roundtrip.any.sharedworker.html
    ✔ network emits  1 request(s)  GET :8000/IndexedDB/resources/support.js
[  205/67515] ▶ testing  /IndexedDB/idbcursor-advance-continue-async.any.html
    ✔ network emits  1 request(s)  GET :8000/IndexedDB/resources/support.js
[  206/67515] ▶ testing  /IndexedDB/idb_webworkers.htm
    ✔ network emits  2 request(s)  GET :8000/IndexedDB/resources/idbworker.js  GET :8000/IndexedDB/resources/support.js
[  207/67515] ▶ testing  /IndexedDB/idbcursor-advance-exception-order.any.html
    ✔ network emits  1 request(s)  GET :8000/IndexedDB/resources/support.js
[  208/67515] ▶ testing  /IndexedDB/idbcursor-advance-invalid.any.html
    ✔ network emits  1 request(s)  GET :8000/IndexedDB/resources/support.js
[  209/67515] ▶ testing  /IndexedDB/idbcursor-advance.any.html
    ✔ network emits  1 request(s)  GET :8000/IndexedDB/resources/support.js
[  210/67515] ▶ testing  /IndexedDB/idbcursor-continue-exception-order.any.html
    ✔ network emits  1 request(s)  GET :8000/IndexedDB/resources/support.js
[  211/67515] ▶ testing  /IndexedDB/idbcursor-continue.any.html
    ✔ network emits  1 request(s)  GET :8000/IndexedDB/resources/support.js
[  212/67515] ▶ testing  /IndexedDB/idb_binary_key_conversion.any.serviceworker.html
    · no network
[  213/67515] ▶ testing  /IndexedDB/idb-binary-key-detached.any.worker.html
    ✔ network emits  1 request(s)  GET :8000/IndexedDB/resources/support.js
[  214/67515] ▶ testing  /IndexedDB/idb-binary-key-roundtrip.any.worker.html
    ✔ network emits  1 request(s)  GET :8000/IndexedDB/resources/support.js
[  215/67515] ▶ testing  /IndexedDB/idbcursor-continuePrimaryKey-exception-order.any.html
    ✔ network emits  1 request(s)  GET :8000/IndexedDB/resources/support.js
[  216/67515] ▶ testing  /IndexedDB/idbcursor-advance-continue-async.any.serviceworker.html
    ✔ network emits  1 request(s)  GET :8443/IndexedDB/resources/support.js
[  217/67515] ▶ testing  /IndexedDB/idbcursor-advance-exception-order.any.serviceworker.html
    ✔ network emits  1 request(s)  GET :8443/IndexedDB/resources/support.js
[  218/67515] ▶ testing  /IndexedDB/idbcursor-advance-invalid.any.serviceworker.html
    ✔ network emits  1 request(s)  GET :8443/IndexedDB/resources/support.js
[  219/67515] ▶ testing  /IndexedDB/idbcursor-advance.any.serviceworker.html
    ✔ network emits  1 request(s)  GET :8443/IndexedDB/resources/support.js
[  220/67515] ▶ testing  /IndexedDB/idbcursor-continue-exception-order.any.serviceworker.html
    ✔ network emits  1 request(s)  GET :8443/IndexedDB/resources/support.js
[  221/67515] ▶ testing  /IndexedDB/database-names-by-origin.html
    ✔ network emits  3 request(s)  GET :8000/IndexedDB/resources/cross-origin-helper-frame.html  GET :8000/IndexedDB/resources/support-promises.js  GET :8000/common/get-host-info.sub.js  [harness did not report]
[  222/67515] ▶ testing  /IndexedDB/idbcursor-continue.any.serviceworker.html
    ✔ network emits  1 request(s)  GET :8443/IndexedDB/resources/support.js
[  223/67515] ▶ testing  /IndexedDB/idb_binary_key_conversion.any.sharedworker.html
    · no network
[  224/67515] ▶ testing  /IndexedDB/idbcursor-continuePrimaryKey-exceptions.any.html
    ✔ network emits  1 request(s)  GET :8000/IndexedDB/resources/support.js
[  225/67515] ▶ testing  /IndexedDB/idbcursor-continuePrimaryKey.any.html
    ✔ network emits  1 request(s)  GET :8000/IndexedDB/resources/support.js
[  226/67515] ▶ testing  /IndexedDB/idbcursor-advance-continue-async.any.sharedworker.html
    ✔ network emits  1 request(s)  GET :8000/IndexedDB/resources/support.js
[  227/67515] ▶ testing  /IndexedDB/idbcursor-continuePrimaryKey-exception-order.any.serviceworker.html
    ✔ network emits  1 request(s)  GET :8443/IndexedDB/resources/support.js
[  228/67515] ▶ testing  /IndexedDB/idbcursor-advance-exception-order.any.sharedworker.html
    ✔ network emits  1 request(s)  GET :8000/IndexedDB/resources/support.js
[  229/67515] ▶ testing  /IndexedDB/idbcursor-advance-invalid.any.sharedworker.html
    ✔ network emits  1 request(s)  GET :8000/IndexedDB/resources/support.js
[  230/67515] ▶ testing  /IndexedDB/idbcursor-advance.any.sharedworker.html
    ✔ network emits  1 request(s)  GET :8000/IndexedDB/resources/support.js
[  231/67515] ▶ testing  /IndexedDB/idbcursor-continue-exception-order.any.sharedworker.html
    ✔ network emits  1 request(s)  GET :8000/IndexedDB/resources/support.js
[  232/67515] ▶ testing  /IndexedDB/idbcursor-delete-exception-order.any.html
    ✔ network emits  1 request(s)  GET :8000/IndexedDB/resources/support.js
[  233/67515] ▶ testing  /IndexedDB/idbcursor-continue.any.sharedworker.html
    ✔ network emits  1 request(s)  GET :8000/IndexedDB/resources/support.js
[  234/67515] ▶ testing  /IndexedDB/idb_binary_key_conversion.any.worker.html
    · no network
[  235/67515] ▶ testing  /IndexedDB/idbcursor-continuePrimaryKey-exceptions.any.serviceworker.html
    ✔ network emits  1 request(s)  GET :8443/IndexedDB/resources/support.js
[  236/67515] ▶ testing  /IndexedDB/idbcursor-continuePrimaryKey.any.serviceworker.html
    ✔ network emits  1 request(s)  GET :8443/IndexedDB/resources/support.js
[  237/67515] ▶ testing  /IndexedDB/idbcursor-continuePrimaryKey-exception-order.any.sharedworker.html
    ✔ network emits  1 request(s)  GET :8000/IndexedDB/resources/support.js
[  238/67515] ▶ testing  /IndexedDB/idbcursor-advance-continue-async.any.worker.html
    ✔ network emits  1 request(s)  GET :8000/IndexedDB/resources/support.js
[  239/67515] ▶ testing  /IndexedDB/idbcursor-advance-exception-order.any.worker.html
    ✔ network emits  1 request(s)  GET :8000/IndexedDB/resources/support.js
[  240/67515] ▶ testing  /IndexedDB/idbcursor-advance-invalid.any.worker.html
    ✔ network emits  1 request(s)  GET :8000/IndexedDB/resources/support.js
[  241/67515] ▶ testing  /IndexedDB/idbcursor-advance.any.worker.html
    ✔ network emits  1 request(s)  GET :8000/IndexedDB/resources/support.js
[  242/67515] ▶ testing  /IndexedDB/idbcursor-continue-exception-order.any.worker.html
    ✔ network emits  1 request(s)  GET :8000/IndexedDB/resources/support.js
[  243/67515] ▶ testing  /IndexedDB/idbcursor-delete-exception-order.any.serviceworker.html
    ✔ network emits  1 request(s)  GET :8443/IndexedDB/resources/support.js
[  244/67515] ▶ testing  /IndexedDB/idb-partitioned-basic.sub.html
    ✔ network emits  1 request(s)  GET :8000/IndexedDB/resources/idb-partitioned-basic-iframe.html
[  245/67515] ▶ testing  /IndexedDB/idbcursor-continue.any.worker.html
    ✔ network emits  1 request(s)  GET :8000/IndexedDB/resources/support.js
[  246/67515] ▶ testing  /IndexedDB/idbcursor-direction-index-keyrange.any.html
    ✔ network emits  1 request(s)  GET :8000/IndexedDB/resources/support.js
[  247/67515] ▶ testing  /IndexedDB/idbcursor-continuePrimaryKey-exceptions.any.sharedworker.html
    ✔ network emits  1 request(s)  GET :8000/IndexedDB/resources/support.js
[  248/67515] ▶ testing  /IndexedDB/idbcursor-continuePrimaryKey.any.sharedworker.html
    ✔ network emits  1 request(s)  GET :8000/IndexedDB/resources/support.js
[  249/67515] ▶ testing  /IndexedDB/idbcursor-direction-index.any.html
    ✔ network emits  1 request(s)  GET :8000/IndexedDB/resources/support.js
[  250/67515] ▶ testing  /IndexedDB/idbcursor-continuePrimaryKey-exception-order.any.worker.html
    ✔ network emits  1 request(s)  GET :8000/IndexedDB/resources/support.js
[  251/67515] ▶ testing  /IndexedDB/idbcursor-direction-objectstore-keyrange.any.html
    ✔ network emits  1 request(s)  GET :8000/IndexedDB/resources/support.js
[  252/67515] ▶ testing  /IndexedDB/idbcursor-direction-objectstore.any.html
    ✔ network emits  1 request(s)  GET :8000/IndexedDB/resources/support.js
[  253/67515] ▶ testing  /IndexedDB/idbcursor-direction.any.html
    ✔ network emits  1 request(s)  GET :8000/IndexedDB/resources/support.js
[  254/67515] ▶ testing  /IndexedDB/idbcursor-iterating-update.any.html
    ✔ network emits  1 request(s)  GET :8000/IndexedDB/resources/support.js
[  255/67515] ▶ testing  /IndexedDB/idbcursor-delete-exception-order.any.sharedworker.html
    ✔ network emits  1 request(s)  GET :8000/IndexedDB/resources/support.js
[  256/67515] ▶ testing  /IndexedDB/idbcursor-key.any.html
    ✔ network emits  1 request(s)  GET :8000/IndexedDB/resources/support.js
[  257/67515] ▶ testing  /IndexedDB/idbcursor-primarykey.any.html
    ✔ network emits  1 request(s)  GET :8000/IndexedDB/resources/support.js
[  258/67515] ▶ testing  /IndexedDB/idbcursor-direction-index-keyrange.any.serviceworker.html
    ✔ network emits  1 request(s)  GET :8443/IndexedDB/resources/support.js
[  259/67515] ▶ testing  /IndexedDB/idbcursor-continuePrimaryKey-exceptions.any.worker.html
    ✔ network emits  1 request(s)  GET :8000/IndexedDB/resources/support.js
[  260/67515] ▶ testing  /IndexedDB/idbcursor-continuePrimaryKey.any.worker.html
    ✔ network emits  1 request(s)  GET :8000/IndexedDB/resources/support.js
[  261/67515] ▶ testing  /IndexedDB/idbcursor-request-source.any.html
    ✔ network emits  1 request(s)  GET :8000/IndexedDB/resources/support.js
[  262/67515] ▶ testing  /IndexedDB/idbcursor-direction-index.any.serviceworker.html
    ✔ network emits  1 request(s)  GET :8443/IndexedDB/resources/support.js
[  263/67515] ▶ testing  /IndexedDB/idbcursor-direction-objectstore-keyrange.any.serviceworker.html
    ✔ network emits  1 request(s)  GET :8443/IndexedDB/resources/support.js
[  264/67515] ▶ testing  /IndexedDB/idbcursor-direction-objectstore.any.serviceworker.html
    ✔ network emits  1 request(s)  GET :8443/IndexedDB/resources/support.js
[  265/67515] ▶ testing  /IndexedDB/idbcursor-direction.any.serviceworker.html
    ✔ network emits  1 request(s)  GET :8443/IndexedDB/resources/support.js
[  266/67515] ▶ testing  /IndexedDB/idbcursor-iterating-update.any.serviceworker.html
    ✔ network emits  1 request(s)  GET :8443/IndexedDB/resources/support.js
[  267/67515] ▶ testing  /IndexedDB/idbcursor-delete-exception-order.any.worker.html
    ✔ network emits  1 request(s)  GET :8000/IndexedDB/resources/support.js
[  268/67515] ▶ testing  /IndexedDB/idbcursor-key.any.serviceworker.html
    ✔ network emits  1 request(s)  GET :8443/IndexedDB/resources/support.js
[  269/67515] ▶ testing  /IndexedDB/idbcursor-primarykey.any.serviceworker.html
    ✔ network emits  1 request(s)  GET :8443/IndexedDB/resources/support.js
[  270/67515] ▶ testing  /IndexedDB/idbcursor-direction-index-keyrange.any.sharedworker.html
    ✔ network emits  1 request(s)  GET :8000/IndexedDB/resources/support.js
[  271/67515] ▶ testing  /IndexedDB/idbcursor-request.any.html
    ✔ network emits  1 request(s)  GET :8000/IndexedDB/resources/support.js
[  272/67515] ▶ testing  /IndexedDB/idbcursor-reused.any.html
    ✔ network emits  1 request(s)  GET :8000/IndexedDB/resources/support.js
[  273/67515] ▶ testing  /IndexedDB/idbcursor-direction-index.any.sharedworker.html
    ✔ network emits  1 request(s)  GET :8000/IndexedDB/resources/support.js
[  274/67515] ▶ testing  /IndexedDB/idbcursor-request-source.any.serviceworker.html
    ✔ network emits  1 request(s)  GET :8443/IndexedDB/resources/support.js
[  275/67515] ▶ testing  /IndexedDB/idbcursor-direction-objectstore-keyrange.any.sharedworker.html
    ✔ network emits  1 request(s)  GET :8000/IndexedDB/resources/support.js
[  276/67515] ▶ testing  /IndexedDB/idbcursor-direction-objectstore.any.sharedworker.html
    ✔ network emits  1 request(s)  GET :8000/IndexedDB/resources/support.js
[  277/67515] ▶ testing  /IndexedDB/idbcursor-direction.any.sharedworker.html
    ✔ network emits  1 request(s)  GET :8000/IndexedDB/resources/support.js
[  278/67515] ▶ testing  /IndexedDB/idbcursor-iterating-update.any.sharedworker.html
    ✔ network emits  1 request(s)  GET :8000/IndexedDB/resources/support.js
[  279/67515] ▶ testing  /IndexedDB/idbcursor-source.any.html
    ✔ network emits  1 request(s)  GET :8000/IndexedDB/resources/support.js
[  280/67515] ▶ testing  /IndexedDB/idbcursor-key.any.sharedworker.html
    ✔ network emits  1 request(s)  GET :8000/IndexedDB/resources/support.js
[  281/67515] ▶ testing  /IndexedDB/idbcursor-primarykey.any.sharedworker.html
    ✔ network emits  1 request(s)  GET :8000/IndexedDB/resources/support.js
[  282/67515] ▶ testing  /IndexedDB/idbcursor-direction-index-keyrange.any.worker.html
    ✔ network emits  1 request(s)  GET :8000/IndexedDB/resources/support.js
[  283/67515] ▶ testing  /IndexedDB/idbcursor-request.any.worker.html
    ✔ network emits  1 request(s)  GET :8000/IndexedDB/resources/support.js
[  284/67515] ▶ testing  /IndexedDB/idbcursor-reused.any.serviceworker.html
    ✔ network emits  1 request(s)  GET :8443/IndexedDB/resources/support.js
[  285/67515] ▶ testing  /IndexedDB/idbcursor-request-source.any.sharedworker.html
    ✔ network emits  1 request(s)  GET :8000/IndexedDB/resources/support.js
[  286/67515] ▶ testing  /IndexedDB/idbcursor-direction-index.any.worker.html
    ✔ network emits  1 request(s)  GET :8000/IndexedDB/resources/support.js
[  287/67515] ▶ testing  /IndexedDB/idbcursor-direction-objectstore-keyrange.any.worker.html
    ✔ network emits  1 request(s)  GET :8000/IndexedDB/resources/support.js
[  288/67515] ▶ testing  /IndexedDB/idbcursor-direction-objectstore.any.worker.html
    ✔ network emits  1 request(s)  GET :8000/IndexedDB/resources/support.js
[  289/67515] ▶ testing  /IndexedDB/idbcursor-direction.any.worker.html
    ✔ network emits  1 request(s)  GET :8000/IndexedDB/resources/support.js
[  290/67515] ▶ testing  /IndexedDB/idbcursor-iterating-update.any.worker.html
    ✔ network emits  1 request(s)  GET :8000/IndexedDB/resources/support.js
[  291/67515] ▶ testing  /IndexedDB/idbcursor-source.any.serviceworker.html
    ✔ network emits  1 request(s)  GET :8443/IndexedDB/resources/support.js
[  292/67515] ▶ testing  /IndexedDB/idbcursor-key.any.worker.html
    ✔ network emits  1 request(s)  GET :8000/IndexedDB/resources/support.js
[  293/67515] ▶ testing  /IndexedDB/idbcursor-primarykey.any.worker.html
    ✔ network emits  1 request(s)  GET :8000/IndexedDB/resources/support.js
[  294/67515] ▶ testing  /IndexedDB/idbcursor-update-exception-order.any.html
    ✔ network emits  1 request(s)  GET :8000/IndexedDB/resources/support.js
[  295/67515] ▶ testing  /IndexedDB/idbcursor_advance_index.any.html
    ✔ network emits  1 request(s)  GET :8000/IndexedDB/resources/support.js
[  296/67515] ▶ testing  /IndexedDB/idbcursor-reused.any.sharedworker.html
    ✔ network emits  1 request(s)  GET :8000/IndexedDB/resources/support.js
[  297/67515] ▶ testing  /IndexedDB/idbcursor_advance_objectstore.any.html
    ✔ network emits  1 request(s)  GET :8000/IndexedDB/resources/support.js
[  298/67515] ▶ testing  /IndexedDB/idbcursor-request-source.any.worker.html
    ✔ network emits  1 request(s)  GET :8000/IndexedDB/resources/support.js
[  299/67515] ▶ testing  /IndexedDB/idbcursor_continue_delete_objectstore.any.html
    ✔ network emits  1 request(s)  GET :8000/IndexedDB/resources/support.js
[  300/67515] ▶ testing  /IndexedDB/idbcursor_continue_index.any.html
    ✔ network emits  1 request(s)  GET :8000/IndexedDB/resources/support.js
[  301/67515] ▶ testing  /IndexedDB/idbcursor_continue_invalid.any.html
    ✔ network emits  1 request(s)  GET :8000/IndexedDB/resources/support.js
[  302/67515] ▶ testing  /IndexedDB/idbcursor_continue_objectstore.any.html
    ✔ network emits  1 request(s)  GET :8000/IndexedDB/resources/support.js
[  303/67515] ▶ testing  /IndexedDB/idbcursor-source.any.sharedworker.html
    ✔ network emits  1 request(s)  GET :8000/IndexedDB/resources/support.js
[  304/67515] ▶ testing  /IndexedDB/idbcursor_delete_index.any.html
    ✔ network emits  1 request(s)  GET :8000/IndexedDB/resources/support.js
[  305/67515] ▶ testing  /IndexedDB/idbcursor_delete_objectstore.any.html
    ✔ network emits  1 request(s)  GET :8000/IndexedDB/resources/support.js
[  306/67515] ▶ testing  /IndexedDB/idbcursor-update-exception-order.any.serviceworker.html
    ✔ network emits  1 request(s)  GET :8443/IndexedDB/resources/support.js
[  307/67515] ▶ testing  /IndexedDB/idbcursor_advance_index.any.serviceworker.html
    ✔ network emits  1 request(s)  GET :8443/IndexedDB/resources/support.js
[  308/67515] ▶ testing  /IndexedDB/idbcursor-reused.any.worker.html
    ✔ network emits  1 request(s)  GET :8000/IndexedDB/resources/support.js
[  309/67515] ▶ testing  /IndexedDB/idbcursor_iterating.any.html
    ✔ network emits  1 request(s)  GET :8000/IndexedDB/resources/support.js
[  310/67515] ▶ testing  /IndexedDB/idbcursor_advance_objectstore.any.serviceworker.html
    ✔ network emits  1 request(s)  GET :8443/IndexedDB/resources/support.js
[  311/67515] ▶ testing  /IndexedDB/idbcursor_continue_delete_objectstore.any.serviceworker.html
    ✔ network emits  1 request(s)  GET :8443/IndexedDB/resources/support.js
[  312/67515] ▶ testing  /IndexedDB/idbcursor_continue_index.any.serviceworker.html
    ✔ network emits  1 request(s)  GET :8443/IndexedDB/resources/support.js
[  313/67515] ▶ testing  /IndexedDB/idbcursor_continue_invalid.any.serviceworker.html
    ✔ network emits  1 request(s)  GET :8443/IndexedDB/resources/support.js
[  314/67515] ▶ testing  /IndexedDB/idbcursor_continue_objectstore.any.serviceworker.html
    ✔ network emits  1 request(s)  GET :8443/IndexedDB/resources/support.js
[  315/67515] ▶ testing  /IndexedDB/idbcursor-source.any.worker.html
    ✔ network emits  1 request(s)  GET :8000/IndexedDB/resources/support.js
[  316/67515] ▶ testing  /IndexedDB/idbcursor_delete_index.any.serviceworker.html
    ✔ network emits  1 request(s)  GET :8443/IndexedDB/resources/support.js
[  317/67515] ▶ testing  /IndexedDB/idbcursor_delete_objectstore.any.serviceworker.html
    ✔ network emits  1 request(s)  GET :8443/IndexedDB/resources/support.js
[  318/67515] ▶ testing  /IndexedDB/idbcursor-update-exception-order.any.sharedworker.html
    ✔ network emits  1 request(s)  GET :8000/IndexedDB/resources/support.js
[  319/67515] ▶ testing  /IndexedDB/idbcursor_advance_index.any.sharedworker.html
    ✔ network emits  1 request(s)  GET :8000/IndexedDB/resources/support.js
[  320/67515] ▶ testing  /IndexedDB/idbcursor_update_index.any.html
    ✔ network emits  1 request(s)  GET :8000/IndexedDB/resources/support.js
[  321/67515] ▶ testing  /IndexedDB/idbcursor_advance_objectstore.any.sharedworker.html
    ✔ network emits  1 request(s)  GET :8000/IndexedDB/resources/support.js
[  322/67515] ▶ testing  /IndexedDB/idbcursor_continue_delete_objectstore.any.sharedworker.html
    ✔ network emits  1 request(s)  GET :8000/IndexedDB/resources/support.js
[  323/67515] ▶ testing  /IndexedDB/idbcursor_iterating.any.serviceworker.html
    ✔ network emits  1 request(s)  GET :8443/IndexedDB/resources/support.js
[  324/67515] ▶ testing  /IndexedDB/idbcursor_continue_index.any.sharedworker.html
    ✔ network emits  1 request(s)  GET :8000/IndexedDB/resources/support.js
[  325/67515] ▶ testing  /IndexedDB/idbcursor_continue_invalid.any.sharedworker.html
    ✔ network emits  1 request(s)  GET :8000/IndexedDB/resources/support.js
[  326/67515] ▶ testing  /IndexedDB/idbcursor_continue_objectstore.any.sharedworker.html
    ✔ network emits  1 request(s)  GET :8000/IndexedDB/resources/support.js
[  327/67515] ▶ testing  /IndexedDB/idbcursor_update_objectstore.any.html
    ✔ network emits  1 request(s)  GET :8000/IndexedDB/resources/support.js
[  328/67515] ▶ testing  /IndexedDB/idbcursor_delete_index.any.sharedworker.html
    ✔ network emits  1 request(s)  GET :8000/IndexedDB/resources/support.js
[  329/67515] ▶ testing  /IndexedDB/idbcursor_delete_objectstore.any.sharedworker.html
    ✔ network emits  1 request(s)  GET :8000/IndexedDB/resources/support.js
[  330/67515] ▶ testing  /IndexedDB/idbcursor-update-exception-order.any.worker.html
    ✔ network emits  1 request(s)  GET :8000/IndexedDB/resources/support.js
[  331/67515] ▶ testing  /IndexedDB/idbcursor_advance_index.any.worker.html
    ✔ network emits  1 request(s)  GET :8000/IndexedDB/resources/support.js
[  332/67515] ▶ testing  /IndexedDB/idbcursor_update_index.any.serviceworker.html
    ✔ network emits  1 request(s)  GET :8443/IndexedDB/resources/support.js
[  333/67515] ▶ testing  /IndexedDB/idbcursor_iterating.any.sharedworker.html
    ✔ network emits  1 request(s)  GET :8000/IndexedDB/resources/support.js
[  334/67515] ▶ testing  /IndexedDB/idbcursor_advance_objectstore.any.worker.html
    ✔ network emits  1 request(s)  GET :8000/IndexedDB/resources/support.js
[  335/67515] ▶ testing  /IndexedDB/idbcursor_continue_delete_objectstore.any.worker.html
    ✔ network emits  1 request(s)  GET :8000/IndexedDB/resources/support.js
[  336/67515] ▶ testing  /IndexedDB/idbcursor_continue_index.any.worker.html
    ✔ network emits  1 request(s)  GET :8000/IndexedDB/resources/support.js
[  337/67515] ▶ testing  /IndexedDB/idbcursor_continue_invalid.any.worker.html
    ✔ network emits  1 request(s)  GET :8000/IndexedDB/resources/support.js
[  338/67515] ▶ testing  /IndexedDB/idbcursor_continue_objectstore.any.worker.html
    ✔ network emits  1 request(s)  GET :8000/IndexedDB/resources/support.js
[  339/67515] ▶ testing  /IndexedDB/idbcursor_update_objectstore.any.serviceworker.html
    ✔ network emits  1 request(s)  GET :8443/IndexedDB/resources/support.js
[  340/67515] ▶ testing  /IndexedDB/idbcursor_delete_index.any.worker.html
    ✔ network emits  1 request(s)  GET :8000/IndexedDB/resources/support.js
[  341/67515] ▶ testing  /IndexedDB/idbcursor_delete_objectstore.any.worker.html
    ✔ network emits  1 request(s)  GET :8000/IndexedDB/resources/support.js
[  342/67515] ▶ testing  /IndexedDB/idbdatabase-createObjectStore-exception-order.any.html
    ✔ network emits  1 request(s)  GET :8000/IndexedDB/resources/support.js
[  343/67515] ▶ testing  /IndexedDB/idbdatabase-deleteObjectStore-exception-order.any.html
    ✔ network emits  1 request(s)  GET :8000/IndexedDB/resources/support.js
[  344/67515] ▶ testing  /IndexedDB/idbcursor_update_index.any.sharedworker.html
    ✔ network emits  1 request(s)  GET :8000/IndexedDB/resources/support.js
[  345/67515] ▶ testing  /IndexedDB/idbdatabase-transaction-exception-order.any.html
    ✔ network emits  1 request(s)  GET :8000/IndexedDB/resources/support.js
[  346/67515] ▶ testing  /IndexedDB/idbdatabase_close.any.html
    ✔ network emits  1 request(s)  GET :8000/IndexedDB/resources/support.js
[  347/67515] ▶ testing  /IndexedDB/idbcursor_iterating.any.worker.html
    ✔ network emits  1 request(s)  GET :8000/IndexedDB/resources/support.js
[  348/67515] ▶ testing  /IndexedDB/idbdatabase_createObjectStore.any.html
    ✔ network emits  1 request(s)  GET :8000/IndexedDB/resources/support.js
[  349/67515] ▶ testing  /IndexedDB/idbdatabase_deleteObjectStore.any.html
    ✔ network emits  1 request(s)  GET :8000/IndexedDB/resources/support.js
[  350/67515] ▶ testing  /IndexedDB/idbdatabase_transaction.any.html
    ✔ network emits  1 request(s)  GET :8000/IndexedDB/resources/support.js
[  351/67515] ▶ testing  /IndexedDB/idbcursor_update_objectstore.any.sharedworker.html
    ✔ network emits  1 request(s)  GET :8000/IndexedDB/resources/support.js
[  352/67515] ▶ testing  /IndexedDB/idbfactory-databases-opaque-origin.html
    · no network
[  353/67515] ▶ testing  /IndexedDB/idbfactory-deleteDatabase-opaque-origin.html
    · no network
[  354/67515] ▶ testing  /IndexedDB/idbdatabase-createObjectStore-exception-order.any.serviceworker.html
    ✔ network emits  1 request(s)  GET :8443/IndexedDB/resources/support.js
[  355/67515] ▶ testing  /IndexedDB/idbdatabase-deleteObjectStore-exception-order.any.serviceworker.html
    ✔ network emits  1 request(s)  GET :8443/IndexedDB/resources/support.js
[  356/67515] ▶ testing  /IndexedDB/idbcursor_update_index.any.worker.html
    ✔ network emits  1 request(s)  GET :8000/IndexedDB/resources/support.js
[  357/67515] ▶ testing  /IndexedDB/idbdatabase-transaction-exception-order.any.serviceworker.html
    ✔ network emits  1 request(s)  GET :8443/IndexedDB/resources/support.js
[  358/67515] ▶ testing  /IndexedDB/idbfactory-deleteDatabase-request-success.any.html
    ✔ network emits  1 request(s)  GET :8000/IndexedDB/resources/support.js
[  359/67515] ▶ testing  /IndexedDB/idbdatabase_close.any.serviceworker.html
    ✔ network emits  1 request(s)  GET :8443/IndexedDB/resources/support.js
[  360/67515] ▶ testing  /IndexedDB/idbdatabase_deleteObjectStore.any.serviceworker.html
    ✔ network emits  1 request(s)  GET :8443/IndexedDB/resources/support.js
[  361/67515] ▶ testing  /IndexedDB/idbdatabase_transaction.any.serviceworker.html
    ✔ network emits  1 request(s)  GET :8443/IndexedDB/resources/support.js
[  362/67515] ▶ testing  /IndexedDB/idbdatabase_createObjectStore.any.serviceworker.html
    ✔ network emits  1 request(s)  GET :8443/IndexedDB/resources/support.js
[  363/67515] ▶ testing  /IndexedDB/idbcursor_update_objectstore.any.worker.html
    ✔ network emits  1 request(s)  GET :8000/IndexedDB/resources/support.js
[  364/67515] ▶ testing  /IndexedDB/idbfactory-open-error-properties.any.html
    ✔ network emits  1 request(s)  GET :8000/IndexedDB/resources/support.js
[  365/67515] ▶ testing  /IndexedDB/idbdatabase-createObjectStore-exception-order.any.sharedworker.html
    ✔ network emits  1 request(s)  GET :8000/IndexedDB/resources/support.js
[  366/67515] ▶ testing  /IndexedDB/idbfactory-open-opaque-origin.html
    · no network
[  367/67515] ▶ testing  /IndexedDB/idbdatabase-deleteObjectStore-exception-order.any.sharedworker.html
    ✔ network emits  1 request(s)  GET :8000/IndexedDB/resources/support.js
[  368/67515] ▶ testing  /IndexedDB/idbfactory-open-request-error.any.html
    ✔ network emits  1 request(s)  GET :8000/IndexedDB/resources/support.js
[  369/67515] ▶ testing  /IndexedDB/idbdatabase-transaction-exception-order.any.sharedworker.html
    ✔ network emits  1 request(s)  GET :8000/IndexedDB/resources/support.js
[  370/67515] ▶ testing  /IndexedDB/idbdatabase_close.any.sharedworker.html
    ✔ network emits  1 request(s)  GET :8000/IndexedDB/resources/support.js
[  371/67515] ▶ testing  /IndexedDB/idbfactory-deleteDatabase-request-success.any.serviceworker.html
    ✔ network emits  1 request(s)  GET :8443/IndexedDB/resources/support.js
[  372/67515] ▶ testing  /IndexedDB/idbdatabase_deleteObjectStore.any.sharedworker.html
    ✔ network emits  1 request(s)  GET :8000/IndexedDB/resources/support.js
[  373/67515] ▶ testing  /IndexedDB/idbdatabase_transaction.any.sharedworker.html
    ✔ network emits  1 request(s)  GET :8000/IndexedDB/resources/support.js
[  374/67515] ▶ testing  /IndexedDB/idbfactory-open-request-success.any.html
    ✔ network emits  1 request(s)  GET :8000/IndexedDB/resources/support.js
[  375/67515] ▶ testing  /IndexedDB/idbdatabase_createObjectStore.any.sharedworker.html
    ✔ network emits  1 request(s)  GET :8000/IndexedDB/resources/support.js
[  376/67515] ▶ testing  /IndexedDB/idbfactory-open-error-properties.any.serviceworker.html
    ✔ network emits  1 request(s)  GET :8443/IndexedDB/resources/support.js
[  377/67515] ▶ testing  /IndexedDB/idbfactory-origin-isolation.html
    ✔ network emits  3 request(s)  GET :8000/IndexedDB/resources/support-promises.js  GET :8000/IndexedDB/resources/support.js  GET :8000/common/get-host-info.sub.js
[  378/67515] ▶ testing  /IndexedDB/idbdatabase-createObjectStore-exception-order.any.worker.html
    ✔ network emits  1 request(s)  GET :8000/IndexedDB/resources/support.js
[  379/67515] ▶ testing  /IndexedDB/idbdatabase-deleteObjectStore-exception-order.any.worker.html
    ✔ network emits  1 request(s)  GET :8000/IndexedDB/resources/support.js
[  380/67515] ▶ testing  /IndexedDB/idbfactory-open-request-error.any.serviceworker.html
    ✔ network emits  1 request(s)  GET :8443/IndexedDB/resources/support.js
[  381/67515] ▶ testing  /IndexedDB/idbdatabase-transaction-exception-order.any.worker.html
    ✔ network emits  1 request(s)  GET :8000/IndexedDB/resources/support.js
[  382/67515] ▶ testing  /IndexedDB/idbfactory-deleteDatabase-request-success.any.sharedworker.html
    ✔ network emits  1 request(s)  GET :8000/IndexedDB/resources/support.js
[  383/67515] ▶ testing  /IndexedDB/idbdatabase_close.any.worker.html
    ✔ network emits  1 request(s)  GET :8000/IndexedDB/resources/support.js
[  384/67515] ▶ testing  /IndexedDB/idbdatabase_deleteObjectStore.any.worker.html
    ✔ network emits  1 request(s)  GET :8000/IndexedDB/resources/support.js
[  385/67515] ▶ testing  /IndexedDB/idbdatabase_transaction.any.worker.html
    ✔ network emits  1 request(s)  GET :8000/IndexedDB/resources/support.js
[  386/67515] ▶ testing  /IndexedDB/idbfactory-open-request-success.any.serviceworker.html
    ✔ network emits  1 request(s)  GET :8443/IndexedDB/resources/support.js
[  387/67515] ▶ testing  /IndexedDB/idbfactory_cmp.any.html
    ✔ network emits  1 request(s)  GET :8000/IndexedDB/resources/support-promises.js
[  388/67515] ▶ testing  /IndexedDB/idbdatabase_createObjectStore.any.worker.html
    ✔ network emits  1 request(s)  GET :8000/IndexedDB/resources/support.js
[  389/67515] ▶ testing  /IndexedDB/idbfactory-open-error-properties.any.sharedworker.html
    ✔ network emits  1 request(s)  GET :8000/IndexedDB/resources/support.js
[  390/67515] ▶ testing  /IndexedDB/idbfactory_deleteDatabase.any.html
    ✔ network emits  1 request(s)  GET :8000/IndexedDB/resources/support.js
[  391/67515] ▶ testing  /IndexedDB/idbfactory_open.any.html
    ✔ network emits  1 request(s)  GET :8000/IndexedDB/resources/support.js
[  392/67515] ▶ testing  /IndexedDB/idbfactory-open-request-error.any.sharedworker.html
    ✔ network emits  1 request(s)  GET :8000/IndexedDB/resources/support.js
[  393/67515] ▶ testing  /IndexedDB/idbindex-cross-realm-methods.html
    ✔ network emits  1 request(s)  GET :8000/IndexedDB/resources/support.js
[  394/67515] ▶ testing  /IndexedDB/idbindex-getAll-enforcerange.any.html
    ✔ network emits  1 request(s)  GET :8000/IndexedDB/resources/support.js
[  395/67515] ▶ testing  /IndexedDB/idbfactory-deleteDatabase-request-success.any.worker.html
    ✔ network emits  1 request(s)  GET :8000/IndexedDB/resources/support.js
[  396/67515] ▶ testing  /IndexedDB/idbindex-getAllKeys-enforcerange.any.html
    ✔ network emits  1 request(s)  GET :8000/IndexedDB/resources/support.js
[  397/67515] ▶ testing  /IndexedDB/idbindex-multientry.any.html
    ✔ network emits  1 request(s)  GET :8000/IndexedDB/resources/support.js
[  398/67515] ▶ testing  /IndexedDB/idbfactory-open-request-success.any.sharedworker.html
    ✔ network emits  1 request(s)  GET :8000/IndexedDB/resources/support.js
[  399/67515] ▶ testing  /IndexedDB/idbindex-objectStore-SameObject.any.html
    ✔ network emits  1 request(s)  GET :8000/IndexedDB/resources/support.js
[  400/67515] ▶ testing  /IndexedDB/idbfactory_cmp.any.serviceworker.html
    ✔ network emits  1 request(s)  GET :8443/IndexedDB/resources/support-promises.js
[  401/67515] ▶ testing  /IndexedDB/idbfactory-open-error-properties.any.worker.html
    ✔ network emits  1 request(s)  GET :8000/IndexedDB/resources/support.js
[  402/67515] ▶ testing  /IndexedDB/idbfactory_deleteDatabase.any.serviceworker.html
    ✔ network emits  1 request(s)  GET :8443/IndexedDB/resources/support.js
[  403/67515] ▶ testing  /IndexedDB/idbfactory_open.any.serviceworker.html
    ✔ network emits  1 request(s)  GET :8443/IndexedDB/resources/support.js
[  404/67515] ▶ testing  /IndexedDB/idbfactory-open-request-error.any.worker.html
    ✔ network emits  1 request(s)  GET :8000/IndexedDB/resources/support.js
[  405/67515] ▶ testing  /IndexedDB/idbindex-query-exception-order.any.html
    ✔ network emits  1 request(s)  GET :8000/IndexedDB/resources/support.js
[  406/67515] ▶ testing  /IndexedDB/idbindex-rename-abort.any.html
    ✔ network emits  1 request(s)  GET :8000/IndexedDB/resources/support-promises.js
[  407/67515] ▶ testing  /IndexedDB/idbindex-getAll-enforcerange.any.serviceworker.html
    ✔ network emits  1 request(s)  GET :8443/IndexedDB/resources/support.js
[  408/67515] ▶ testing  /IndexedDB/idbindex-getAllKeys-enforcerange.any.serviceworker.html
    ✔ network emits  1 request(s)  GET :8443/IndexedDB/resources/support.js
[  409/67515] ▶ testing  /IndexedDB/idbindex-multientry.any.serviceworker.html
    ✔ network emits  1 request(s)  GET :8443/IndexedDB/resources/support.js
[  410/67515] ▶ testing  /IndexedDB/idbfactory-open-request-success.any.worker.html
    ✔ network emits  1 request(s)  GET :8000/IndexedDB/resources/support.js
[  411/67515] ▶ testing  /IndexedDB/idbfactory_cmp.any.sharedworker.html
    ✔ network emits  1 request(s)  GET :8000/IndexedDB/resources/support-promises.js
[  412/67515] ▶ testing  /IndexedDB/idbindex-objectStore-SameObject.any.serviceworker.html
    ✔ network emits  1 request(s)  GET :8443/IndexedDB/resources/support.js
[  413/67515] ▶ testing  /IndexedDB/idbindex-rename-errors.any.html
    ✔ network emits  1 request(s)  GET :8000/IndexedDB/resources/support-promises.js
[  414/67515] ▶ testing  /IndexedDB/idbfactory_deleteDatabase.any.sharedworker.html
    ✔ network emits  1 request(s)  GET :8000/IndexedDB/resources/support.js
[  415/67515] ▶ testing  /IndexedDB/idbfactory_open.any.sharedworker.html
    ✔ network emits  1 request(s)  GET :8000/IndexedDB/resources/support.js
[  416/67515] ▶ testing  /IndexedDB/idbindex-rename.any.html
    ✔ network emits  1 request(s)  GET :8000/IndexedDB/resources/support-promises.js
[  417/67515] ▶ testing  /IndexedDB/idbindex-query-exception-order.any.serviceworker.html
    ✔ network emits  1 request(s)  GET :8443/IndexedDB/resources/support.js
[  418/67515] ▶ testing  /IndexedDB/idbindex-getAll-enforcerange.any.sharedworker.html
    ✔ network emits  1 request(s)  GET :8000/IndexedDB/resources/support.js
[  419/67515] ▶ testing  /IndexedDB/idbindex-rename-abort.any.serviceworker.html
    ✔ network emits  1 request(s)  GET :8443/IndexedDB/resources/support-promises.js
[  420/67515] ▶ testing  /IndexedDB/idbindex-getAllKeys-enforcerange.any.sharedworker.html
    ✔ network emits  1 request(s)  GET :8000/IndexedDB/resources/support.js
[  421/67515] ▶ testing  /IndexedDB/idbindex-multientry.any.sharedworker.html
    ✔ network emits  1 request(s)  GET :8000/IndexedDB/resources/support.js
[  422/67515] ▶ testing  /IndexedDB/idbindex-request-source.any.html
    ✔ network emits  1 request(s)  GET :8000/IndexedDB/resources/support.js
[  423/67515] ▶ testing  /IndexedDB/idbindex-objectStore-SameObject.any.sharedworker.html
    ✔ network emits  1 request(s)  GET :8000/IndexedDB/resources/support.js
[  424/67515] ▶ testing  /IndexedDB/idbfactory_cmp.any.worker.html
    ✔ network emits  1 request(s)  GET :8000/IndexedDB/resources/support-promises.js
[  425/67515] ▶ testing  /IndexedDB/idbindex-rename-errors.any.serviceworker.html
    ✔ network emits  1 request(s)  GET :8443/IndexedDB/resources/support-promises.js
[  426/67515] ▶ testing  /IndexedDB/idbfactory_deleteDatabase.any.worker.html
    ✔ network emits  1 request(s)  GET :8000/IndexedDB/resources/support.js
[  427/67515] ▶ testing  /IndexedDB/idbfactory_open.any.worker.html
    ✔ network emits  1 request(s)  GET :8000/IndexedDB/resources/support.js
[  428/67515] ▶ testing  /IndexedDB/idbindex-rename.any.serviceworker.html
    ✔ network emits  1 request(s)  GET :8443/IndexedDB/resources/support-promises.js
[  429/67515] ▶ testing  /IndexedDB/idbindex-query-exception-order.any.sharedworker.html
    ✔ network emits  1 request(s)  GET :8000/IndexedDB/resources/support.js
[  430/67515] ▶ testing  /IndexedDB/idbindex-rename-abort.any.sharedworker.html
    ✔ network emits  1 request(s)  GET :8000/IndexedDB/resources/support-promises.js
[  431/67515] ▶ testing  /IndexedDB/idbindex-getAll-enforcerange.any.worker.html
    ✔ network emits  1 request(s)  GET :8000/IndexedDB/resources/support.js
[  432/67515] ▶ testing  /IndexedDB/idbindex-getAllKeys-enforcerange.any.worker.html
    ✔ network emits  1 request(s)  GET :8000/IndexedDB/resources/support.js
[  433/67515] ▶ testing  /IndexedDB/idbindex-multientry.any.worker.html
    ✔ network emits  1 request(s)  GET :8000/IndexedDB/resources/support.js
